=== BEFORE (post-pre-run, drained) ===
cf        level    files          bytes       filter_B
01            0        4        3490571              0
01            3        3      206287392              0
01            4        3      203521045              0
01            5       44     2740892431              0
01            6      443    27920089536              0
0b            0        1           1356              0
0b            6        1         126929              0
06            0        4       18106990              0
06            4        4      232670835              0
06            5       28     1658261523              0
06            6      273    16699752383              0
08            0        3        1077941              0
08            3        5      247370699              0
08            4       15      767536285              0
08            5      132     7795370408              0
08            6     1306    78003310308              0
07            0        4       19381587              0
07            4        5      246273711              0
07            5       13      587818988              0
07            6      100     6010131701              0
09            0        1       24583011              0
09            3        5      223449014              0
09            4       40     2141927673              0
09            5      390    21495483731              0
09            6     3865   215284234892              0
0a            0        3          84700              0
0a            6        1        2755479              0
12            0        2          39865              0
12            6        1        2739023              0
=== compacting ===
loaded OPTIONS: 17 column families
  flush (all cfs)                 0.0s
  cf=64656661756c74                  0.0s
  cf=01                            409.2s
  cf=03                              0.0s
  cf=04                              0.0s
  cf=0b                              0.0s
  cf=0c                              0.0s
  cf=06                            313.4s
  cf=08                           1474.4s
  cf=07                             91.0s
  cf=09                           3114.1s
  cf=0a                             34.7s
  cf=10                              0.0s
  cf=11                              0.0s
  cf=0e                              0.0s
  cf=0d                              0.0s
  cf=0f                              0.0s
  cf=12                              0.1s
total 5437.2s
=== AFTER (compacted) ===
cf        level    files          bytes       filter_B
01            6      469    31016986650              0
0b            6        1          60458              0
06            6      269    17904838847              0
08            6     1255    83951573019              0
07            6      107     6880054632              0
09            6     3351   220561053291              0
0a            6        1        2837618              0
12            6        1        2738343              0
